cat 3 page 1 total 50
cat 3 page 2 total 100
cat 3 page 3 total 150
cat 3 page 4 total 200
cat 3 page 5 total 224
cat 1 page 1 total 256
cat 2 page 1 total 259
cat 5 page 1 total 301
cat 5 page 2 total 336
cat 5 page 3 total 379
cat 5 page 4 total 418
cat 5 page 5 total 449
cat 5 page 6 total 492
cat 5 page 7 total 538
cat 5 page 8 total 543
cat 6 page 1 total 571
cat 7 page 1 total 597
cat 4 page 1 total 632
cat 4 page 2 total 665
cat 4 page 3 total 705
cat 4 page 4 total 748
cat 4 page 5 total 785
cat 4 page 6 total 820
cat 4 page 7 total 846
done 846
