sources/docs/2024_ep02.pdf 47090252
sources/docs/2024_ep03.pdf 124962948
sources/docs/2024_ep04.pdf 54114701
sources/docs/2024_ep05.pdf 42100944
sources/docs/2024_ep06.pdf 42942822
sources/docs/2024_ep07.pdf 164655317
sources/docs/2024_ep08.pdf 185842079
sources/docs/2024_ep09.pdf 10181303
sources/docs/2024_ep10.pdf 49441741
sources/docs/2024_ep11.pdf 31576303
sources/docs/2024_ep12.pdf 66033237
sources/docs/2024_ep13.pdf 68328172
sources/docs/2024_ep14.pdf 88998246
sources/docs/2024_ep15.pdf 49115157
sources/docs/2024_ep16.pdf 21176640
sources/docs/2024_ep17.pdf 38926213
sources/docs/2024_ep18.pdf 40727646
sources/docs/2024_ep19.pdf 51064685
sources/docs/2024_ep20.pdf 30961204
sources/docs/2024_ep21.pdf 45740383
sources/docs/2024_ep22.pdf 104634275
sources/docs/2024_ep23.pdf 45700916
sources/docs/2024_ep24.pdf 33233483
sources/docs/2024_ep25.pdf 30117806
sources/docs/2024_ep26.pdf 14913869
sources/docs/2024_ep27.pdf 103005264
sources/docs/2024_ep28.pdf 82791173
sources/docs/2024_ep29.pdf 148043900
sources/docs/2024_ep30.pdf 49174614
sources/docs/2024_ep31.pdf 47492911
sources/docs/2024_ep32.pdf 34982181
sources/docs/2024_ep33.pdf 22491680
sources/docs/2024_ep34.pdf 25920480
sources/docs/2024_ep35.pdf 21676073
sources/docs/2024_ep36.pdf 25789480
sources/docs/2024_ep37.pdf 31172220
sources/docs/2024_ep38.pdf 61774091
sources/docs/2024_ep39.pdf 41522809
sources/docs/2024_ep40.pdf 27139680
sources/docs/2024_ep41.pdf 40467909
sources/docs/2024_ep42.pdf 14962539
sources/docs/2024_ep43.pdf 32489486
sources/docs/2024_ep44.pdf 44487787
sources/docs/2024_ep45.pdf 36950608
sources/docs/2024_ep46.pdf 86209365
